  bomb.cpp
C:\dxlib\DxLib.h(1,1): warning C4819: ファイルは、現在のコード ページ (932) で表示できない文字を含んでいます。データの損失を防ぐために、ファイルを Unicode 形式で保存してください。
  (ソース ファイル 'bomb.cpp' をコンパイルしています)
  
C:\dxlib\DxCompileConfig.h(1,1): warning C4819: ファイルは、現在のコード ページ (932) で表示できない文字を含んでいます。データの損失を防ぐために、ファイルを Unicode 形式で保存してください。
  (ソース ファイル 'bomb.cpp' をコンパイルしています)
  
C:\dxlib\DxDataType.h(1,1): warning C4819: ファイルは、現在のコード ページ (932) で表示できない文字を含んでいます。データの損失を防ぐために、ファイルを Unicode 形式で保存してください。
  (ソース ファイル 'bomb.cpp' をコンパイルしています)
  
C:\dxlib\DxCompileConfig.h(1,1): warning C4819: ファイルは、現在のコード ページ (932) で表示できない文字を含んでいます。データの損失を防ぐために、ファイルを Unicode 形式で保存してください。
  (ソース ファイル 'bomb.cpp' をコンパイルしています)
  
C:\dxlib\DxDataTypeWin.h(1,1): warning C4819: ファイルは、現在のコード ページ (932) で表示できない文字を含んでいます。データの損失を防ぐために、ファイルを Unicode 形式で保存してください。
  (ソース ファイル 'bomb.cpp' をコンパイルしています)
  
C:\dxlib\DxCompileConfig.h(1,1): warning C4819: ファイルは、現在のコード ページ (932) で表示できない文字を含んでいます。データの損失を防ぐために、ファイルを Unicode 形式で保存してください。
  (ソース ファイル 'bomb.cpp' をコンパイルしています)
  
C:\dxlib\DxDataTypeWin.h(443,1): warning C4819: ファイルは、現在のコード ページ (932) で表示できない文字を含んでいます。データの損失を防ぐために、ファイルを Unicode 形式で保存してください。
  (ソース ファイル 'bomb.cpp' をコンパイルしています)
  
C:\dxlib\DxDataTypeWin.h(1089,1): warning C4819: ファイルは、現在のコード ページ (932) で表示できない文字を含んでいます。データの損失を防ぐために、ファイルを Unicode 形式で保存してください。
  (ソース ファイル 'bomb.cpp' をコンパイルしています)
  
C:\dxlib\DxLib.h(406,1): warning C4819: ファイルは、現在のコード ページ (932) で表示できない文字を含んでいます。データの損失を防ぐために、ファイルを Unicode 形式で保存してください。
  (ソース ファイル 'bomb.cpp' をコンパイルしています)
  
C:\dxlib\DxLib.h(803,1): warning C4819: ファイルは、現在のコード ページ (932) で表示できない文字を含んでいます。データの損失を防ぐために、ファイルを Unicode 形式で保存してください。
  (ソース ファイル 'bomb.cpp' をコンパイルしています)
  
C:\dxlib\DxLib.h(1328,1): warning C4819: ファイルは、現在のコード ページ (932) で表示できない文字を含んでいます。データの損失を防ぐために、ファイルを Unicode 形式で保存してください。
  (ソース ファイル 'bomb.cpp' をコンパイルしています)
  
C:\dxlib\DxLib.h(1842,1): warning C4819: ファイルは、現在のコード ページ (932) で表示できない文字を含んでいます。データの損失を防ぐために、ファイルを Unicode 形式で保存してください。
  (ソース ファイル 'bomb.cpp' をコンパイルしています)
  
C:\dxlib\DxFunctionWin.h(1,1): warning C4819: ファイルは、現在のコード ページ (932) で表示できない文字を含んでいます。データの損失を防ぐために、ファイルを Unicode 形式で保存してください。
  (ソース ファイル 'bomb.cpp' をコンパイルしています)
  
C:\dxlib\DxFunctionWin.h(155,1): warning C4819: ファイルは、現在のコード ページ (932) で表示できない文字を含んでいます。データの損失を防ぐために、ファイルを Unicode 形式で保存してください。
  (ソース ファイル 'bomb.cpp' をコンパイルしています)
  
C:\dxlib\DxFunctionWin.h(337,1): warning C4819: ファイルは、現在のコード ページ (932) で表示できない文字を含んでいます。データの損失を防ぐために、ファイルを Unicode 形式で保存してください。
  (ソース ファイル 'bomb.cpp' をコンパイルしています)
  
C:\dxlib\DxLib.h(2183,1): warning C4819: ファイルは、現在のコード ページ (932) で表示できない文字を含んでいます。データの損失を防ぐために、ファイルを Unicode 形式で保存してください。
  (ソース ファイル 'bomb.cpp' をコンパイルしています)
  
C:\dxlib\DxLib.h(2377,1): warning C4819: ファイルは、現在のコード ページ (932) で表示できない文字を含んでいます。データの損失を防ぐために、ファイルを Unicode 形式で保存してください。
  (ソース ファイル 'bomb.cpp' をコンパイルしています)
  
C:\dxlib\DxLib.h(2572,1): warning C4819: ファイルは、現在のコード ページ (932) で表示できない文字を含んでいます。データの損失を防ぐために、ファイルを Unicode 形式で保存してください。
  (ソース ファイル 'bomb.cpp' をコンパイルしています)
  
C:\dxlib\DxLib.h(2716,1): warning C4819: ファイルは、現在のコード ページ (932) で表示できない文字を含んでいます。データの損失を防ぐために、ファイルを Unicode 形式で保存してください。
  (ソース ファイル 'bomb.cpp' をコンパイルしています)
  
C:\dxlib\DxLib.h(2821,1): warning C4819: ファイルは、現在のコード ページ (932) で表示できない文字を含んでいます。データの損失を防ぐために、ファイルを Unicode 形式で保存してください。
  (ソース ファイル 'bomb.cpp' をコンパイルしています)
  
C:\dxlib\DxLib.h(2954,1): warning C4819: ファイルは、現在のコード ページ (932) で表示できない文字を含んでいます。データの損失を防ぐために、ファイルを Unicode 形式で保存してください。
  (ソース ファイル 'bomb.cpp' をコンパイルしています)
  
C:\dxlib\DxLib.h(3064,1): warning C4819: ファイルは、現在のコード ページ (932) で表示できない文字を含んでいます。データの損失を防ぐために、ファイルを Unicode 形式で保存してください。
  (ソース ファイル 'bomb.cpp' をコンパイルしています)
  
C:\dxlib\DxLib.h(3242,1): warning C4819: ファイルは、現在のコード ページ (932) で表示できない文字を含んでいます。データの損失を防ぐために、ファイルを Unicode 形式で保存してください。
  (ソース ファイル 'bomb.cpp' をコンパイルしています)
  
C:\dxlib\DxLib.h(3381,1): warning C4819: ファイルは、現在のコード ページ (932) で表示できない文字を含んでいます。データの損失を防ぐために、ファイルを Unicode 形式で保存してください。
  (ソース ファイル 'bomb.cpp' をコンパイルしています)
  
C:\dxlib\DxLib.h(3544,1): warning C4819: ファイルは、現在のコード ページ (932) で表示できない文字を含んでいます。データの損失を防ぐために、ファイルを Unicode 形式で保存してください。
  (ソース ファイル 'bomb.cpp' をコンパイルしています)
  
C:\dxlib\DxLib.h(3735,1): warning C4819: ファイルは、現在のコード ページ (932) で表示できない文字を含んでいます。データの損失を防ぐために、ファイルを Unicode 形式で保存してください。
  (ソース ファイル 'bomb.cpp' をコンパイルしています)
  
C:\dxlib\DxLib.h(3844,1): warning C4819: ファイルは、現在のコード ページ (932) で表示できない文字を含んでいます。データの損失を防ぐために、ファイルを Unicode 形式で保存してください。
  (ソース ファイル 'bomb.cpp' をコンパイルしています)
  
C:\dxlib\DxLib.h(3931,1): warning C4819: ファイルは、現在のコード ページ (932) で表示できない文字を含んでいます。データの損失を防ぐために、ファイルを Unicode 形式で保存してください。
  (ソース ファイル 'bomb.cpp' をコンパイルしています)
  
C:\dxlib\DxLib.h(4080,1): warning C4819: ファイルは、現在のコード ページ (932) で表示できない文字を含んでいます。データの損失を防ぐために、ファイルを Unicode 形式で保存してください。
  (ソース ファイル 'bomb.cpp' をコンパイルしています)
  
C:\dxlib\DxLib.h(4586,1): warning C4819: ファイルは、現在のコード ページ (932) で表示できない文字を含んでいます。データの損失を防ぐために、ファイルを Unicode 形式で保存してください。
  (ソース ファイル 'bomb.cpp' をコンパイルしています)
  
C:\dxlib\DxLib.h(4750,1): warning C4819: ファイルは、現在のコード ページ (932) で表示できない文字を含んでいます。データの損失を防ぐために、ファイルを Unicode 形式で保存してください。
  (ソース ファイル 'bomb.cpp' をコンパイルしています)
  
C:\dxlib\DxLib.h(4917,1): warning C4819: ファイルは、現在のコード ページ (932) で表示できない文字を含んでいます。データの損失を防ぐために、ファイルを Unicode 形式で保存してください。
  (ソース ファイル 'bomb.cpp' をコンパイルしています)
  
C:\dxlib\DxLib.h(5069,1): warning C4819: ファイルは、現在のコード ページ (932) で表示できない文字を含んでいます。データの損失を防ぐために、ファイルを Unicode 形式で保存してください。
  (ソース ファイル 'bomb.cpp' をコンパイルしています)
  
C:\dxlib\DxLib.h(5258,1): warning C4819: ファイルは、現在のコード ページ (932) で表示できない文字を含んでいます。データの損失を防ぐために、ファイルを Unicode 形式で保存してください。
  (ソース ファイル 'bomb.cpp' をコンパイルしています)
  
C:\dxlib\DxLib.h(5396,1): warning C4819: ファイルは、現在のコード ページ (932) で表示できない文字を含んでいます。データの損失を防ぐために、ファイルを Unicode 形式で保存してください。
  (ソース ファイル 'bomb.cpp' をコンパイルしています)
  
C:\dxlib\DxLib.h(5581,1): warning C4819: ファイルは、現在のコード ページ (932) で表示できない文字を含んでいます。データの損失を防ぐために、ファイルを Unicode 形式で保存してください。
  (ソース ファイル 'bomb.cpp' をコンパイルしています)
  
C:\Users\GA3\Desktop\BomberMan\BomberMan_MorimotoMizuki\bomb.cpp(13,18): warning C4244: '=': 'float' から 'int' への変換です。データが失われる可能性があります。
C:\Users\GA3\Desktop\BomberMan\BomberMan_MorimotoMizuki\bomb.cpp(14,36): warning C4244: '=': 'float' から 'int' への変換です。データが失われる可能性があります。
C:\Users\GA3\Desktop\BomberMan\BomberMan_MorimotoMizuki\bomb.cpp(18,32): warning C4244: '=': 'int' から 'float' への変換です。データが失われる可能性があります。
C:\Users\GA3\Desktop\BomberMan\BomberMan_MorimotoMizuki\bomb.cpp(64,56): warning C4244: '引数': 'float' から 'int' への変換です。データが失われる可能性があります。
C:\Users\GA3\Desktop\BomberMan\BomberMan_MorimotoMizuki\bomb.cpp(64,38): warning C4244: '引数': 'float' から 'int' への変換です。データが失われる可能性があります。
C:\Users\GA3\Desktop\BomberMan\BomberMan_MorimotoMizuki\bomb.cpp(64,28): warning C4244: '引数': 'float' から 'int' への変換です。データが失われる可能性があります。
C:\Users\GA3\Desktop\BomberMan\BomberMan_MorimotoMizuki\bomb.cpp(64,21): warning C4244: '引数': 'float' から 'int' への変換です。データが失われる可能性があります。
C:\Users\GA3\Desktop\BomberMan\BomberMan_MorimotoMizuki\bomb.cpp(67,34): warning C4244: '引数': 'float' から 'int' への変換です。データが失われる可能性があります。
C:\Users\GA3\Desktop\BomberMan\BomberMan_MorimotoMizuki\bomb.cpp(67,25): warning C4244: '引数': 'float' から 'int' への変換です。データが失われる可能性があります。
  BomberMan_MorimotoMizuki.vcxproj -> C:\Users\GA3\Desktop\BomberMan\x64\Debug\BomberMan_MorimotoMizuki.exe
