c:\users\tumtu\desktop\bomberman\bomberman_morimotomizuki\x64\debug\vc143.pdb
c:\users\tumtu\desktop\bomberman\bomberman_morimotomizuki\x64\debug\vc143.idb
c:\users\tumtu\desktop\bomberman\bomberman_morimotomizuki\x64\debug\game.obj
c:\users\tumtu\desktop\bomberman\bomberman_morimotomizuki\x64\debug\explosion.obj
c:\users\tumtu\desktop\bomberman\bomberman_morimotomizuki\x64\debug\astar.obj
c:\users\tumtu\desktop\bomberman\bomberman_morimotomizuki\x64\debug\player.obj
c:\users\tumtu\desktop\bomberman\bomberman_morimotomizuki\x64\debug\title.obj
c:\users\tumtu\desktop\bomberman\bomberman_morimotomizuki\x64\debug\pontan.obj
c:\users\tumtu\desktop\bomberman\bomberman_morimotomizuki\x64\debug\pass.obj
c:\users\tumtu\desktop\bomberman\bomberman_morimotomizuki\x64\debug\ovapee.obj
c:\users\tumtu\desktop\bomberman\bomberman_morimotomizuki\x64\debug\oneal.obj
c:\users\tumtu\desktop\bomberman\bomberman_morimotomizuki\x64\debug\minvo.obj
c:\users\tumtu\desktop\bomberman\bomberman_morimotomizuki\x64\debug\map.obj
c:\users\tumtu\desktop\bomberman\bomberman_morimotomizuki\x64\debug\kondoria.obj
c:\users\tumtu\desktop\bomberman\bomberman_morimotomizuki\x64\debug\door.obj
c:\users\tumtu\desktop\bomberman\bomberman_morimotomizuki\x64\debug\dahl.obj
c:\users\tumtu\desktop\bomberman\bomberman_morimotomizuki\x64\debug\bomb.obj
c:\users\tumtu\desktop\bomberman\bomberman_morimotomizuki\x64\debug\block.obj
c:\users\tumtu\desktop\bomberman\bomberman_morimotomizuki\x64\debug\base_enemy.obj
c:\users\tumtu\desktop\bomberman\bomberman_morimotomizuki\x64\debug\ballom.obj
c:\users\tumtu\desktop\bomberman\bomberman_morimotomizuki\x64\debug\item.obj
c:\users\tumtu\desktop\bomberman\bomberman_morimotomizuki\x64\debug\main.obj
c:\users\tumtu\desktop\bomberman\bomberman_morimotomizuki\x64\debug\library_function.obj
c:\users\tumtu\desktop\bomberman\bomberman_morimotomizuki\x64\debug\my_function.obj
c:\users\tumtu\desktop\bomberman\bomberman_morimotomizuki\x64\debug\ccamera.obj
c:\users\tumtu\desktop\bomberman\bomberman_morimotomizuki\x64\debug\3d_function.obj
c:\users\tumtu\desktop\bomberman\bomberman_morimotomizuki\x64\debug\2d_function.obj
c:\users\tumtu\desktop\bomberman\x64\debug\bomberman_morimotomizuki.exe
c:\users\tumtu\desktop\bomberman\x64\debug\bomberman_morimotomizuki.pdb
c:\users\tumtu\desktop\bomberman\bomberman_morimotomizuki\x64\debug\bomberman_morimotomizuki.ilk
c:\users\tumtu\desktop\bomberman\bomberman_morimotomizuki\x64\debug\bomberma.2e0faf34.tlog\cl.command.1.tlog
c:\users\tumtu\desktop\bomberman\bomberman_morimotomizuki\x64\debug\bomberma.2e0faf34.tlog\cl.items.tlog
c:\users\tumtu\desktop\bomberman\bomberman_morimotomizuki\x64\debug\bomberma.2e0faf34.tlog\cl.read.1.tlog
c:\users\tumtu\desktop\bomberman\bomberman_morimotomizuki\x64\debug\bomberma.2e0faf34.tlog\cl.write.1.tlog
c:\users\tumtu\desktop\bomberman\bomberman_morimotomizuki\x64\debug\bomberma.2e0faf34.tlog\link.command.1.tlog
c:\users\tumtu\desktop\bomberman\bomberman_morimotomizuki\x64\debug\bomberma.2e0faf34.tlog\link.read.1.tlog
c:\users\tumtu\desktop\bomberman\bomberman_morimotomizuki\x64\debug\bomberma.2e0faf34.tlog\link.secondary.1.tlog
c:\users\tumtu\desktop\bomberman\bomberman_morimotomizuki\x64\debug\bomberma.2e0faf34.tlog\link.write.1.tlog
